pb_doorsandbarricades\data\metal\data\metal_parts_low_metal_part_bot_albedotrans.png
pb_doorsandbarricades\data\metal\data\metal_parts_low_metal_part_mid_albedotrans.png
pb_doorsandbarricades\data\metal\data\metal_parts_low_metal_part_top_albedotrans.png
pb_doorsandbarricades\data\well\data\rope_a.tga.png
pb_doorsandbarricades\data\well\data\rope_n.tga.png
pb_doorsandbarricades\data\well\data\well_albedo.tga.png
pb_doorsandbarricades\data\well\data\well_metalness.tga.png
pb_doorsandbarricades\data\well\data\well_normals.tga.png
pb_doorsandbarricades\data\well\data\well_occlusion.tga.png
pb_doorsandbarricades\data\well\data\well_roughness.tga.png
pb_doorsandbarricades\data\well\data\wood_vara_a.tga.png
pb_doorsandbarricades\data\well\data\wood_vara_n.tga.png
pb_doorsandbarricades\data\well\data\wood_vara_r.tga.png
pb_doorsandbarricades\data\wood\data\component_door_wooden_door_rama_albedotran.png
pb_doorsandbarricades\data\wood\data\component_door_wooden_rama_albedotranspare.png
pb_doorsandbarricades\data\wood\data\lever.png
pb_doorsandbarricades\data\wood\data\woodbot.png
pb_doorsandbarricades\data\wood\data\woodmid.png
pb_doorsandbarricades\data\wood\data\woodtop.png
pb_doorsandbarricades\data\wood\logpontudo\logpontudo.png
